Microchip MPLAB XC8 Compiler V2.00 ()

Linker command line:

-W-3 --edf=C:\Program Files (x86)\Microchip\xc8\v2.00\pic\dat\en_msgs.txt \
  -cs \
  -h+dist/default/production\Conversor_Analogico_Digital.X.production.sym \
  --cmf=dist/default/production\Conversor_Analogico_Digital.X.production.cmf \
  -z -Q16F887 -oC:\Users\21193634\AppData\Local\Temp\s3js.2 \
  -Mdist/default/production/Conversor_Analogico_Digital.X.production.map \
  -E1 -ver=XC8 --acfsm=1493 -ASTACK=0110h-016fh -pstack=STACK \
  -ACODE=00h-07FFhx4 -ASTRCODE=00h-01FFFh -ASTRING=00h-0FFhx32 \
  -ACONST=00h-0FFhx32 -AENTRY=00h-0FFhx32 -ACOMMON=070h-07Fh \
  -ABANK0=020h-06Fh -ABANK1=0A0h-0EFh -ABANK2=0110h-016Fh \
  -ABANK3=0190h-01EFh -ARAM=020h-06Fh,0A0h-0EFh,0110h-016Fh,0190h-01EFh \
  -AABS1=020h-07Fh,0A0h-0EFh,0110h-016Fh,0190h-01EFh -ASFR0=00h-01Fh \
  -ASFR1=080h-09Fh -ASFR2=0100h-010Fh -ASFR3=0180h-018Fh \
  -preset_vec=00h,intentry=04h,init,end_init -ppowerup=CODE -pcinit=CODE \
  -pfunctab=ENTRY -ACONFIG=02007h-02008h -pconfig=CONFIG -DCONFIG=2 \
  -AIDLOC=02000h-02003h -pidloc=IDLOC -DIDLOC=2 -AEEDATA=00h-0FFh/02100h \
  -peeprom_data=EEDATA -DEEDATA=2 -DCODE=2 -DSTRCODE=2 -DSTRING=2 -DCONST=2 \
  -DENTRY=2 -k C:\Users\21193634\AppData\Local\Temp\s3js.o \
  dist/default/production\Conversor_Analogico_Digital.X.production.o 

Object code version is 3.11

Machine type is 16F887



                Name                               Link     Load   Length Selector   Space Scale
C:\Users\21193634\AppData\Local\Temp\s3js.o
                end_init                              C        C        3        8       0
                reset_vec                             0        0        3        0       0
                config                             2007     2007        2     400E       0
dist/default/production\Conversor_Analogico_Digital.X.production.o
                cinit                                 F        F       1A        8       0
                functab                              29       29        F       52       0
                intentry                              4        4        8        8       0
                text21                              5BE      5BE       1F       70       0
                text20                              664      664       12      C50       0
                text19                              63D      63D       14      C50       0
                text18                              676      676       10      C50       0
                text17                              50C      50C       39       70       0
                text16                              59D      59D       21       70       0
                text15                              5FA      5FA       18       70       0
                text14                              1CD      1CD       79       70       0
                text13                              4CB      4CB       41       70       0
                text12                              2BA      2BA       73       70       0
                text11                              32D      32D       65       70       0
                text10                              572      572       2B       70       0
                text9                               628      628       15      C50       0
                text8                                38       38       EF       70       0
                text7                               486      486       45       70       0
                text6                               127      127       A6       70       0
                text5                               43A      43A       4C       70       0
                text4                               3ED      3ED       4D       70       0
                text3                               5DD      5DD       1D       70       0
                text2                               392      392       5B       70       0
                text1                               545      545       2D       70       0
                maintext                            246      246       74       70       0
                cstackBANK0                          20       20       3C       20       1
                cstackCOMMON                         70       70        6       70       1
                inittext                            651      651       13      C50       0
                dataBANK0                            5C       5C        7       20       1
                bssBANK0                             63       63        4       20       1
                bssCOMMON                            76       76        4       70       1
                strings                             612      612       16      C24       0
                idataBANK0                          686      686        7      C50       0

TOTAL           Name                               Link     Load   Length     Space
        CLASS   STACK          

        CLASS   CODE           
                end_init                              C        C        3         0
                cinit                                 F        F       1A         0
                intentry                              4        4        8         0
                reset_vec                             0        0        3         0
                text21                              5BE      5BE       1F         0
                text20                              664      664       12         0
                text19                              63D      63D       14         0
                text18                              676      676       10         0
                text17                              50C      50C       39         0
                text16                              59D      59D       21         0
                text15                              5FA      5FA       18         0
                text14                              1CD      1CD       79         0
                text13                              4CB      4CB       41         0
                text12                              2BA      2BA       73         0
                text11                              32D      32D       65         0
                text10                              572      572       2B         0
                text9                               628      628       15         0
                text8                                38       38       EF         0
                text7                               486      486       45         0
                text6                               127      127       A6         0
                text5                               43A      43A       4C         0
                text4                               3ED      3ED       4D         0
                text3                               5DD      5DD       1D         0
                text2                               392      392       5B         0
                text1                               545      545       2D         0
                maintext                            246      246       74         0
                inittext                            651      651       13         0
                idataBANK0                          686      686        7         0

        CLASS   STRCODE        

        CLASS   STRING         
                strings                             612      612       16         0

        CLASS   CONST          

        CLASS   ENTRY          
                functab                              29       29        F         0

        CLASS   COMMON         
                cstackCOMMON                         70       70        6         1
                bssCOMMON                            76       76        4         1

        CLASS   BANK0          
                cstackBANK0                          20       20       3C         1
                dataBANK0                            5C       5C        7         1
                bssBANK0                             63       63        4         1

        CLASS   BANK1          

        CLASS   BANK2          

        CLASS   BANK3          

        CLASS   RAM            

        CLASS   ABS1           
                abs_s1                               7E       7E        2         1

        CLASS   SFR0           

        CLASS   SFR1           

        CLASS   SFR2           

        CLASS   SFR3           

        CLASS   CONFIG         
                config                             2007     2007        2         0

        CLASS   IDLOC          

        CLASS   EEDATA         



SEGMENTS        Name                           Load    Length   Top    Selector   Space  Class     Delta

                reset_vec                      000000  000003  000003         0       0  CODE        2
                intentry                       000004  000025  000029         8       0  CODE        2
                cstackBANK0                    000020  000047  000067        20       1  BANK0       1
                functab                        000029  00000F  000038        52       0  ENTRY       2
                cstackCOMMON                   000070  00000A  00007A        70       1  COMMON      1
                text8                          000038  0005DA  000612        70       0  CODE        2
                strings                        000612  000016  000628       C24       0  STRING      2
                text9                          000628  000065  00068D       C50       0  CODE        2
                config                         002007  000002  002009      400E       0  CONFIG      2


UNUSED ADDRESS RANGES

        Name                Unused          Largest block    Delta
        BANK0            0067-006F              9           1
        BANK1            00A0-00EF             50           1
        BANK2            0110-016F             60           1
        BANK3            0190-01EF             60           1
        CODE             0003-0003              1           2
                         068D-1FFF            800
        COMMON           007A-007D              4           1
        CONST            0003-0003              1           2
                         068D-1FFF            100
        EEDATA           2100-21FF            100           2
        ENTRY            0003-0003              1           2
                         068D-1FFF            100
        IDLOC            2000-2003              4           2
        RAM              0067-006F              9           1
                         00A0-00EF             50
                         0110-016F             60
                         0190-01EF             60
        SFR0             0000-001F             20           1
        SFR1             0080-009F             20           1
        SFR2             0100-010F             10           1
        SFR3             0180-018F             10           1
        STACK            0110-016F             60           1
        STRCODE          0003-0003              1           2
                         068D-1FFF           1973
        STRING           0003-0003              1           2
                         068D-1FFF            100

                                  Symbol Table

?___aldiv                 cstackBANK0  0037
?___awdiv                 cstackBANK0  0020
?___awmod                 cstackBANK0  0020
?___lmul                  cstackBANK0  002B
?___lwdiv                 cstackBANK0  0020
?_celsius                 cstackBANK0  0027
?_fahrenheit              cstackBANK0  0046
?_kelvin                  cstackBANK0  002B
_ADCON0bits               (abs)        001F
_ADCON1bits               (abs)        009F
_ADC_init                 text16       059D
_ADC_int                  text21       05BE
_ADC_value                bssBANK0     0065
_ADRESH                   (abs)        001E
_ADRESL                   (abs)        009E
_ANSELbits                (abs)        0188
_IHM                      dataBANK0    005C
_INTCONbits               (abs)        000B
_LCDbits                  (abs)        0008
_OPTION_REGbits           (abs)        0081
_PIE1bits                 (abs)        008C
_PIR1bits                 (abs)        000C
_PR2                      (abs)        0092
_T0_int                   text20       0664
_T0count                  bssCOMMON    0078
_T1CONbits                (abs)        0010
_T1_int                   text19       063D
_T1count                  bssCOMMON    0076
_T2CONbits                (abs)        0012
_T2_int                   text18       0676
_T2count                  bssBANK0     0063
_TMR0                     (abs)        0001
_TMR1H                    (abs)        000F
_TMR1L                    (abs)        000E
_TMR2                     (abs)        0011
_TRISDbits                (abs)        0088
__CFG_BOR4V$BOR40V        (abs)        0000
__CFG_BOREN$OFF           (abs)        0000
__CFG_CP$OFF              (abs)        0000
__CFG_CPD$OFF             (abs)        0000
__CFG_FCMEN$OFF           (abs)        0000
__CFG_FOSC$INTRC_NOCLKOUT (abs)        0000
__CFG_IESO$OFF            (abs)        0000
__CFG_LVP$OFF             (abs)        0000
__CFG_MCLRE$OFF           (abs)        0000
__CFG_PWRTE$OFF           (abs)        0000
__CFG_WDTE$OFF            (abs)        0000
__CFG_WRT$OFF             (abs)        0000
__Habs1                   abs1         0000
__Hbank0                  bank0        0000
__Hbank1                  bank1        0000
__Hbank2                  bank2        0000
__Hbank3                  bank3        0000
__HbssBANK0               bssBANK0     0000
__HbssCOMMON              bssCOMMON    0000
__Hcinit                  cinit        0029
__Hclrtext                clrtext      0000
__Hcode                   code         0000
__Hcommon                 common       0000
__Hconfig                 config       2009
__HcstackBANK0            cstackBANK0  0000
__HcstackCOMMON           cstackCOMMON 0000
__HdataBANK0              dataBANK0    0000
__Heeprom_data            eeprom_data  0000
__Hend_init               end_init     000F
__Hfunctab                functab      0038
__HidataBANK0             idataBANK0   0000
__Hidloc                  idloc        0000
__Hinit                   init         000C
__Hinittext               inittext     0000
__Hintentry               intentry     000C
__Hmaintext               maintext     0000
__Hpowerup                powerup      0000
__Hram                    ram          0000
__Hreset_vec              reset_vec    0003
__Hsfr0                   sfr0         0000
__Hsfr1                   sfr1         0000
__Hsfr2                   sfr2         0000
__Hsfr3                   sfr3         0000
__Hspace_0                (abs)        2009
__Hspace_1                (abs)        007A
__Hspace_2                (abs)        0000
__Hspace_3                (abs)        0000
__Hstack                  stack        0000
__Hstrings                strings      0000
__Htext                   text         0000
__Labs1                   abs1         0000
__Lbank0                  bank0        0000
__Lbank1                  bank1        0000
__Lbank2                  bank2        0000
__Lbank3                  bank3        0000
__LbssBANK0               bssBANK0     0000
__LbssCOMMON              bssCOMMON    0000
__Lcinit                  cinit        000F
__Lclrtext                clrtext      0000
__Lcode                   code         0000
__Lcommon                 common       0000
__Lconfig                 config       2007
__LcstackBANK0            cstackBANK0  0000
__LcstackCOMMON           cstackCOMMON 0000
__LdataBANK0              dataBANK0    0000
__Leeprom_data            eeprom_data  0000
__Lend_init               end_init     000C
__Lfunctab                functab      0029
__LidataBANK0             idataBANK0   0000
__Lidloc                  idloc        0000
__Linit                   init         000C
__Linittext               inittext     0000
__Lintentry               intentry     0004
__Lmaintext               maintext     0000
__Lpowerup                powerup      0000
__Lram                    ram          0000
__Lreset_vec              reset_vec    0000
__Lsfr0                   sfr0         0000
__Lsfr1                   sfr1         0000
__Lsfr2                   sfr2         0000
__Lsfr3                   sfr3         0000
__Lspace_0                (abs)        0000
__Lspace_1                (abs)        0000
__Lspace_2                (abs)        0000
__Lspace_3                (abs)        0000
__Lstack                  stack        0000
__Lstrings                strings      0000
__Ltext                   text         0000
__S0                      (abs)        2009
__S1                      (abs)        007A
__S2                      (abs)        0000
__S3                      (abs)        0000
___aldiv                  text6        0127
___aldiv@counter          cstackBANK0  0040
___aldiv@dividend         cstackBANK0  003B
___aldiv@divisor          cstackBANK0  0037
___aldiv@quotient         cstackBANK0  0042
___aldiv@sign             cstackBANK0  0041
___awdiv                  text12       02BA
___awdiv@counter          cstackBANK0  0024
___awdiv@dividend         cstackBANK0  0022
___awdiv@divisor          cstackBANK0  0020
___awdiv@quotient         cstackBANK0  0026
___awdiv@sign             cstackBANK0  0025
___awmod                  text11       032D
___awmod@counter          cstackBANK0  0024
___awmod@dividend         cstackBANK0  0022
___awmod@divisor          cstackBANK0  0020
___awmod@sign             cstackBANK0  0025
___int_sp                 stack        0000
___latbits                (abs)        0002
___lmul                   text5        043A
___lmul@multiplicand      cstackBANK0  002F
___lmul@multiplier        cstackBANK0  002B
___lmul@product           cstackBANK0  0033
___lwdiv                  text4        03ED
___lwdiv@counter          cstackBANK0  0024
___lwdiv@dividend         cstackBANK0  0022
___lwdiv@divisor          cstackBANK0  0020
___lwdiv@quotient         cstackBANK0  0025
___sp                     stack        0000
__end_of_ADC_init         text16       05BE
__end_of_ADC_int          text21       05DD
__end_of_T0_int           text20       0676
__end_of_T1_int           text19       0651
__end_of_T2_int           text18       0686
__end_of___aldiv          text6        01CD
__end_of___awdiv          text12       032D
__end_of___awmod          text11       0392
__end_of___lmul           text5        0486
__end_of___lwdiv          text4        043A
__end_of__fptable         functab      0038
__end_of__initialization  cinit        0025
__end_of__stringtab       strings      0618
__end_of_celsius          text3        05FA
__end_of_delay            text15       0612
__end_of_dispLCD_dataReg  text10       059D
__end_of_dispLCD_init     text13       050C
__end_of_dispLCD_instReg  text14       0246
__end_of_dispLCD_lincol   text9        063D
__end_of_dispLCD_num      text8        0127
__end_of_dispLCDstr       text7        04CB
__end_of_fahrenheit       text2        03ED
__end_of_isr              text17       0545
__end_of_kelvin           text1        0572
__end_of_main             maintext     02BA
__fptable                 functab      0029
__initialization          cinit        000F
__pbssBANK0               bssBANK0     0063
__pbssCOMMON              bssCOMMON    0076
__pcstackBANK0            cstackBANK0  0020
__pcstackCOMMON           cstackCOMMON 0070
__pdataBANK0              dataBANK0    005C
__pfunctab                functab      0029
__pidataBANK0             idataBANK0   0686
__pintentry               intentry     0004
__pmaintext               maintext     0246
__pstrings                strings      0612
__ptext1                  text1        0545
__ptext10                 text10       0572
__ptext11                 text11       032D
__ptext12                 text12       02BA
__ptext13                 text13       04CB
__ptext14                 text14       01CD
__ptext15                 text15       05FA
__ptext16                 text16       059D
__ptext17                 text17       050C
__ptext18                 text18       0676
__ptext19                 text19       063D
__ptext2                  text2        0392
__ptext20                 text20       0664
__ptext21                 text21       05BE
__ptext3                  text3        05DD
__ptext4                  text4        03ED
__ptext5                  text5        043A
__ptext6                  text6        0127
__ptext7                  text7        0486
__ptext8                  text8        0038
__ptext9                  text9        0628
__size_of_ADC_init        (abs)        0000
__size_of_ADC_int         (abs)        0000
__size_of_T0_int          (abs)        0000
__size_of_T1_int          (abs)        0000
__size_of_T2_int          (abs)        0000
__size_of___aldiv         (abs)        0000
__size_of___awdiv         (abs)        0000
__size_of___awmod         (abs)        0000
__size_of___lmul          (abs)        0000
__size_of___lwdiv         (abs)        0000
__size_of__fptable        (abs)        0000
__size_of_celsius         (abs)        0000
__size_of_delay           (abs)        0000
__size_of_dispLCD_dataReg (abs)        0000
__size_of_dispLCD_init    (abs)        0000
__size_of_dispLCD_instReg (abs)        0000
__size_of_dispLCD_lincol  (abs)        0000
__size_of_dispLCD_num     (abs)        0000
__size_of_dispLCDstr      (abs)        0000
__size_of_fahrenheit      (abs)        0000
__size_of_isr             (abs)        0000
__size_of_kelvin          (abs)        0000
__size_of_main            (abs)        0000
__stringbase              strings      0617
__stringtab               strings      0612
_celsius                  text3        05DD
_delay                    text15       05FA
_dispLCD                  (abs)        0000
_dispLCD_B0               (abs)        0000
_dispLCD_B1               (abs)        0000
_dispLCD_clr              (abs)        0000
_dispLCD_dataReg          text10       0572
_dispLCD_init             text13       04CB
_dispLCD_instReg          text14       01CD
_dispLCD_lincol           text9        0628
_dispLCD_num              text8        0038
_dispLCDstr               text7        0486
_fahrenheit               text2        0392
_isr                      text17       050C
_kelvin                   text1        0545
_main                     maintext     0246
btemp                     (abs)        007E
delay@t                   cstackCOMMON 0074
dispLCD_dataReg@d         cstackCOMMON 0075
dispLCD_instReg@i         cstackBANK0  0020
dispLCD_lincol@col        cstackBANK0  0021
dispLCD_lincol@lin        cstackBANK0  0023
dispLCD_num@col           cstackBANK0  004F
dispLCD_num@div           cstackBANK0  0058
dispLCD_num@lin           cstackBANK0  004E
dispLCD_num@num           cstackBANK0  0050
dispLCD_num@sinal         cstackBANK0  0057
dispLCD_num@size          cstackBANK0  0056
dispLCD_num@tam           cstackBANK0  0052
dispLCDstr@str            cstackBANK0  0024
end_of_initialization     cinit        0025
fpbase                    functab      002E
fptable                   functab      0029
fptotal                   (abs)        0006
init_fetch0               inittext     0651
init_ram0                 inittext     0655
interrupt_function        intentry     0004
intlevel0                 functab      0029
intlevel1                 functab      0029
intlevel2                 functab      0029
intlevel3                 functab      0029
intlevel4                 functab      0029
intlevel5                 functab      0029
reset_vec                 reset_vec    0000
saved_w                   (abs)        007E
stackhi                   (abs)        0000
stacklo                   (abs)        0000
start                     init         000C
start_initialization      cinit        000F
wtemp0                    (abs)        007E


FUNCTION INFORMATION:

 *************** function _main *****************
 Defined at:
		line 16 in file "main.c"
 Parameters:    Size  Location     Type
		None
 Auto vars:     Size  Location     Type
		None
 Return value:  Size  Location     Type
                  1    wreg      void 
 Registers used:
		wreg, fsr0l, fsr0h, status,2, status,0, btemp+1, pclath, cstack
 Tracked objects:
		On entry : 
		On exit  : 
		Unchanged: 
 Data sizes:     COMMON   BANK0   BANK1   BANK3   BANK2
      Params:         0       0       0       0       0
      Locals:         0       0       0       0       0
      Temps:          0       2       0       0       0
      Totals:         0       2       0       0       0
Total ram usage:        2 bytes
 Hardware stack levels required when called:    5
 This function calls:
		_ADC_init
		_celsius
		_dispLCD_init
		_dispLCD_num
		_dispLCDstr
		_fahrenheit
		_kelvin
 This function is called by:
		Startup code after reset
 This function uses a non-reentrant model


 *************** function _kelvin *****************
 Defined at:
		line 54 in file "adc.c"
 Parameters:    Size  Location     Type
		None
 Auto vars:     Size  Location     Type
		None
 Return value:  Size  Location     Type
                  4   11[BANK0 ] long 
 Registers used:
		wreg, status,2, status,0, pclath, cstack
 Tracked objects:
		On entry : 
		On exit  : 
		Unchanged: 
 Data sizes:     COMMON   BANK0   BANK1   BANK3   BANK2
      Params:         0       4       0       0       0
      Locals:         0       0       0       0       0
      Temps:          0       4       0       0       0
      Totals:         0       8       0       0       0
Total ram usage:        8 bytes
 Hardware stack levels used:    1
 Hardware stack levels required when called:    4
 This function calls:
		_celsius
 This function is called by:
		_main
 This function uses a non-reentrant model


 *************** function _fahrenheit *****************
 Defined at:
		line 49 in file "adc.c"
 Parameters:    Size  Location     Type
		None
 Auto vars:     Size  Location     Type
		None
 Return value:  Size  Location     Type
                  4   38[BANK0 ] long 
 Registers used:
		wreg, status,2, status,0, pclath, cstack
 Tracked objects:
		On entry : 
		On exit  : 
		Unchanged: 
 Data sizes:     COMMON   BANK0   BANK1   BANK3   BANK2
      Params:         0       4       0       0       0
      Locals:         0       0       0       0       0
      Temps:          0       4       0       0       0
      Totals:         0       8       0       0       0
Total ram usage:        8 bytes
 Hardware stack levels used:    1
 Hardware stack levels required when called:    4
 This function calls:
		___aldiv
		___lmul
		_celsius
 This function is called by:
		_main
 This function uses a non-reentrant model


 *************** function _celsius *****************
 Defined at:
		line 44 in file "adc.c"
 Parameters:    Size  Location     Type
		None
 Auto vars:     Size  Location     Type
		None
 Return value:  Size  Location     Type
                  4    7[BANK0 ] long 
 Registers used:
		wreg, status,2, status,0, pclath, cstack
 Tracked objects:
		On entry : 
		On exit  : 
		Unchanged: 
 Data sizes:     COMMON   BANK0   BANK1   BANK3   BANK2
      Params:         0       4       0       0       0
      Locals:         0       0       0       0       0
      Temps:          0       0       0       0       0
      Totals:         0       4       0       0       0
Total ram usage:        4 bytes
 Hardware stack levels used:    1
 Hardware stack levels required when called:    3
 This function calls:
		___lwdiv
 This function is called by:
		_fahrenheit
		_kelvin
		_main
 This function uses a non-reentrant model


 *************** function ___lwdiv *****************
 Defined at:
		line 5 in file "C:\Program Files (x86)\Microchip\xc8\v2.00\pic\sources\c90\common\lwdiv.c"
 Parameters:    Size  Location     Type
  divisor         2    0[BANK0 ] unsigned int 
  dividend        2    2[BANK0 ] unsigned int 
 Auto vars:     Size  Location     Type
  quotient        2    5[BANK0 ] unsigned int 
  counter         1    4[BANK0 ] unsigned char 
 Return value:  Size  Location     Type
                  2    0[BANK0 ] unsigned int 
 Registers used:
		wreg, status,2, status,0
 Tracked objects:
		On entry : 
		On exit  : 
		Unchanged: 
 Data sizes:     COMMON   BANK0   BANK1   BANK3   BANK2
      Params:         0       4       0       0       0
      Locals:         0       3       0       0       0
      Temps:          1       0       0       0       0
      Totals:         1       7       0       0       0
Total ram usage:        8 bytes
 Hardware stack levels used:    1
 Hardware stack levels required when called:    2
 This function calls:
		Nothing
 This function is called by:
		_celsius
 This function uses a non-reentrant model


 *************** function ___lmul *****************
 Defined at:
		line 15 in file "C:\Program Files (x86)\Microchip\xc8\v2.00\pic\sources\c90\common\Umul32.c"
 Parameters:    Size  Location     Type
  multiplier      4   11[BANK0 ] unsigned long 
  multiplicand    4   15[BANK0 ] unsigned long 
 Auto vars:     Size  Location     Type
  product         4   19[BANK0 ] unsigned long 
 Return value:  Size  Location     Type
                  4   11[BANK0 ] unsigned long 
 Registers used:
		wreg, status,2, status,0
 Tracked objects:
		On entry : 
		On exit  : 
		Unchanged: 
 Data sizes:     COMMON   BANK0   BANK1   BANK3   BANK2
      Params:         0       8       0       0       0
      Locals:         0       4       0       0       0
      Temps:          1       0       0       0       0
      Totals:         1      12       0       0       0
Total ram usage:       13 bytes
 Hardware stack levels used:    1
 Hardware stack levels required when called:    2
 This function calls:
		Nothing
 This function is called by:
		_fahrenheit
 This function uses a non-reentrant model


 *************** function ___aldiv *****************
 Defined at:
		line 5 in file "C:\Program Files (x86)\Microchip\xc8\v2.00\pic\sources\c90\common\aldiv.c"
 Parameters:    Size  Location     Type
  divisor         4   23[BANK0 ] long 
  dividend        4   27[BANK0 ] long 
 Auto vars:     Size  Location     Type
  quotient        4   34[BANK0 ] long 
  sign            1   33[BANK0 ] unsigned char 
  counter         1   32[BANK0 ] unsigned char 
 Return value:  Size  Location     Type
                  4   23[BANK0 ] long 
 Registers used:
		wreg, status,2, status,0
 Tracked objects:
		On entry : 
		On exit  : 
		Unchanged: 
 Data sizes:     COMMON   BANK0   BANK1   BANK3   BANK2
      Params:         0       8       0       0       0
      Locals:         0       6       0       0       0
      Temps:          0       1       0       0       0
      Totals:         0      15       0       0       0
Total ram usage:       15 bytes
 Hardware stack levels used:    1
 Hardware stack levels required when called:    2
 This function calls:
		Nothing
 This function is called by:
		_fahrenheit
 This function uses a non-reentrant model


 *************** function _dispLCDstr *****************
 Defined at:
		line 164 in file "lcd.c"
 Parameters:    Size  Location     Type
  str             1    4[BANK0 ] PTR const unsigned char 
		 -> STR_1(16), 
 Auto vars:     Size  Location     Type
		None
 Return value:  Size  Location     Type
                  1    wreg      void 
 Registers used:
		wreg, fsr0l, fsr0h, status,2, status,0, pclath, cstack
 Tracked objects:
		On entry : 
		On exit  : 
		Unchanged: 
 Data sizes:     COMMON   BANK0   BANK1   BANK3   BANK2
      Params:         0       1       0       0       0
      Locals:         0       0       0       0       0
      Temps:          0       1       0       0       0
      Totals:         0       2       0       0       0
Total ram usage:        2 bytes
 Hardware stack levels used:    1
 Hardware stack levels required when called:    4
 This function calls:
		_dispLCD_dataReg
		_dispLCD_lincol
 This function is called by:
		_main
 This function uses a non-reentrant model


 *************** function _dispLCD_num *****************
 Defined at:
		line 180 in file "lcd.c"
 Parameters:    Size  Location     Type
  lin             1   46[BANK0 ] unsigned char 
  col             1   47[BANK0 ] unsigned char 
  num             2   48[BANK0 ] int 
  tam             1   50[BANK0 ] unsigned char 
 Auto vars:     Size  Location     Type
  div             2   56[BANK0 ] int 
  sinal           1   55[BANK0 ] unsigned char 
  size            1   54[BANK0 ] unsigned char 
 Return value:  Size  Location     Type
                  1    wreg      void 
 Registers used:
		wreg, status,2, status,0, btemp+1, pclath, cstack
 Tracked objects:
		On entry : 
		On exit  : 
		Unchanged: 
 Data sizes:     COMMON   BANK0   BANK1   BANK3   BANK2
      Params:         0       5       0       0       0
      Locals:         0       4       0       0       0
      Temps:          0       3       0       0       0
      Totals:         0      12       0       0       0
Total ram usage:       12 bytes
 Hardware stack levels used:    1
 Hardware stack levels required when called:    4
 This function calls:
		___awdiv
		___awmod
		_dispLCD_dataReg
		_dispLCD_lincol
 This function is called by:
		_main
 This function uses a non-reentrant model


 *************** function _dispLCD_lincol *****************
 Defined at:
		line 126 in file "lcd.c"
 Parameters:    Size  Location     Type
  lin             1    wreg     unsigned char 
  col             1    1[BANK0 ] unsigned char 
 Auto vars:     Size  Location     Type
  lin             1    3[BANK0 ] unsigned char 
 Return value:  Size  Location     Type
                  1    wreg      void 
 Registers used:
		wreg, status,2, status,0, pclath, cstack
 Tracked objects:
		On entry : 
		On exit  : 
		Unchanged: 
 Data sizes:     COMMON   BANK0   BANK1   BANK3   BANK2
      Params:         0       1       0       0       0
      Locals:         0       1       0       0       0
      Temps:          0       1       0       0       0
      Totals:         0       3       0       0       0
Total ram usage:        3 bytes
 Hardware stack levels used:    1
 Hardware stack levels required when called:    3
 This function calls:
		_dispLCD_instReg
 This function is called by:
		_dispLCDstr
		_dispLCD_num
		_dispLCD
 This function uses a non-reentrant model


 *************** function _dispLCD_dataReg *****************
 Defined at:
		line 110 in file "lcd.c"
 Parameters:    Size  Location     Type
  d               1    wreg     unsigned char 
 Auto vars:     Size  Location     Type
  d               1    5[COMMON] unsigned char 
 Return value:  Size  Location     Type
                  1    wreg      void 
 Registers used:
		wreg, status,2, status,0
 Tracked objects:
		On entry : 
		On exit  : 
		Unchanged: 
 Data sizes:     COMMON   BANK0   BANK1   BANK3   BANK2
      Params:         0       0       0       0       0
      Locals:         1       0       0       0       0
      Temps:          1       0       0       0       0
      Totals:         2       0       0       0       0
Total ram usage:        2 bytes
 Hardware stack levels used:    1
 Hardware stack levels required when called:    2
 This function calls:
		Nothing
 This function is called by:
		_dispLCDstr
		_dispLCD_num
		_dispLCD
 This function uses a non-reentrant model


 *************** function ___awmod *****************
 Defined at:
		line 5 in file "C:\Program Files (x86)\Microchip\xc8\v2.00\pic\sources\c90\common\awmod.c"
 Parameters:    Size  Location     Type
  divisor         2    0[BANK0 ] int 
  dividend        2    2[BANK0 ] int 
 Auto vars:     Size  Location     Type
  sign            1    5[BANK0 ] unsigned char 
  counter         1    4[BANK0 ] unsigned char 
 Return value:  Size  Location     Type
                  2    0[BANK0 ] int 
 Registers used:
		wreg, status,2, status,0
 Tracked objects:
		On entry : 
		On exit  : 
		Unchanged: 
 Data sizes:     COMMON   BANK0   BANK1   BANK3   BANK2
      Params:         0       4       0       0       0
      Locals:         0       2       0       0       0
      Temps:          1       0       0       0       0
      Totals:         1       6       0       0       0
Total ram usage:        7 bytes
 Hardware stack levels used:    1
 Hardware stack levels required when called:    2
 This function calls:
		Nothing
 This function is called by:
		_dispLCD_num
 This function uses a non-reentrant model


 *************** function ___awdiv *****************
 Defined at:
		line 5 in file "C:\Program Files (x86)\Microchip\xc8\v2.00\pic\sources\c90\common\awdiv.c"
 Parameters:    Size  Location     Type
  divisor         2    0[BANK0 ] int 
  dividend        2    2[BANK0 ] int 
 Auto vars:     Size  Location     Type
  quotient        2    6[BANK0 ] int 
  sign            1    5[BANK0 ] unsigned char 
  counter         1    4[BANK0 ] unsigned char 
 Return value:  Size  Location     Type
                  2    0[BANK0 ] int 
 Registers used:
		wreg, status,2, status,0
 Tracked objects:
		On entry : 
		On exit  : 
		Unchanged: 
 Data sizes:     COMMON   BANK0   BANK1   BANK3   BANK2
      Params:         0       4       0       0       0
      Locals:         0       4       0       0       0
      Temps:          1       0       0       0       0
      Totals:         1       8       0       0       0
Total ram usage:        9 bytes
 Hardware stack levels used:    1
 Hardware stack levels required when called:    2
 This function calls:
		Nothing
 This function is called by:
		_dispLCD_num
 This function uses a non-reentrant model


 *************** function _dispLCD_init *****************
 Defined at:
		line 132 in file "lcd.c"
 Parameters:    Size  Location     Type
		None
 Auto vars:     Size  Location     Type
		None
 Return value:  Size  Location     Type
                  1    wreg      void 
 Registers used:
		wreg, status,2, status,0, pclath, cstack
 Tracked objects:
		On entry : 
		On exit  : 
		Unchanged: 
 Data sizes:     COMMON   BANK0   BANK1   BANK3   BANK2
      Params:         0       0       0       0       0
      Locals:         0       0       0       0       0
      Temps:          0       0       0       0       0
      Totals:         0       0       0       0       0
Total ram usage:        0 bytes
 Hardware stack levels used:    1
 Hardware stack levels required when called:    3
 This function calls:
		_delay
		_dispLCD_instReg
 This function is called by:
		_main
 This function uses a non-reentrant model


 *************** function _dispLCD_instReg *****************
 Defined at:
		line 77 in file "lcd.c"
 Parameters:    Size  Location     Type
  i               1    wreg     unsigned char 
 Auto vars:     Size  Location     Type
  i               1    0[BANK0 ] unsigned char 
 Return value:  Size  Location     Type
                  1    wreg      void 
 Registers used:
		wreg, status,2, status,0
 Tracked objects:
		On entry : 
		On exit  : 
		Unchanged: 
 Data sizes:     COMMON   BANK0   BANK1   BANK3   BANK2
      Params:         0       0       0       0       0
      Locals:         0       1       0       0       0
      Temps:          2       0       0       0       0
      Totals:         2       1       0       0       0
Total ram usage:        3 bytes
 Hardware stack levels used:    1
 Hardware stack levels required when called:    2
 This function calls:
		Nothing
 This function is called by:
		_dispLCD_lincol
		_dispLCD_init
		_dispLCD_clr
 This function uses a non-reentrant model


 *************** function _delay *****************
 Defined at:
		line 12 in file "delay.c"
 Parameters:    Size  Location     Type
  t               2    4[COMMON] unsigned int 
 Auto vars:     Size  Location     Type
		None
 Return value:  Size  Location     Type
                  1    wreg      void 
 Registers used:
		wreg, status,2, status,0
 Tracked objects:
		On entry : 
		On exit  : 
		Unchanged: 
 Data sizes:     COMMON   BANK0   BANK1   BANK3   BANK2
      Params:         2       0       0       0       0
      Locals:         0       0       0       0       0
      Temps:          0       1       0       0       0
      Totals:         2       1       0       0       0
Total ram usage:        3 bytes
 Hardware stack levels used:    1
 Hardware stack levels required when called:    2
 This function calls:
		Nothing
 This function is called by:
		_dispLCD_init
 This function uses a non-reentrant model


 *************** function _ADC_init *****************
 Defined at:
		line 12 in file "adc.c"
 Parameters:    Size  Location     Type
		None
 Auto vars:     Size  Location     Type
		None
 Return value:  Size  Location     Type
                  1    wreg      void 
 Registers used:
		wreg, status,2, status,0
 Tracked objects:
		On entry : 
		On exit  : 
		Unchanged: 
 Data sizes:     COMMON   BANK0   BANK1   BANK3   BANK2
      Params:         0       0       0       0       0
      Locals:         0       0       0       0       0
      Temps:          0       0       0       0       0
      Totals:         0       0       0       0       0
Total ram usage:        0 bytes
 Hardware stack levels used:    1
 Hardware stack levels required when called:    2
 This function calls:
		Nothing
 This function is called by:
		_main
 This function uses a non-reentrant model


 *************** function _isr *****************
 Defined at:
		line 14 in file "interrupt.c"
 Parameters:    Size  Location     Type
		None
 Auto vars:     Size  Location     Type
		None
 Return value:  Size  Location     Type
                  1    wreg      void 
 Registers used:
		wreg, status,2, status,0, pclath, cstack
 Tracked objects:
		On entry : 
		On exit  : 
		Unchanged: 
 Data sizes:     COMMON   BANK0   BANK1   BANK3   BANK2
      Params:         0       0       0       0       0
      Locals:         0       0       0       0       0
      Temps:          2       0       0       0       0
      Totals:         2       0       0       0       0
Total ram usage:        2 bytes
 Hardware stack levels used:    1
 Hardware stack levels required when called:    1
 This function calls:
		_ADC_int
		_T0_int
		_T1_int
		_T2_int
 This function is called by:
		Interrupt level 1
 This function uses a non-reentrant model


 *************** function _T2_int *****************
 Defined at:
		line 132 in file "timers.c"
 Parameters:    Size  Location     Type
		None
 Auto vars:     Size  Location     Type
		None
 Return value:  Size  Location     Type
                  1    wreg      void 
 Registers used:
		wreg, status,2, status,0
 Tracked objects:
		On entry : 
		On exit  : 
		Unchanged: 
 Data sizes:     COMMON   BANK0   BANK1   BANK3   BANK2
      Params:         0       0       0       0       0
      Locals:         0       0       0       0       0
      Temps:          0       0       0       0       0
      Totals:         0       0       0       0       0
Total ram usage:        0 bytes
 Hardware stack levels used:    1
 This function calls:
		Nothing
 This function is called by:
		_isr
 This function uses a non-reentrant model


 *************** function _T1_int *****************
 Defined at:
		line 80 in file "timers.c"
 Parameters:    Size  Location     Type
		None
 Auto vars:     Size  Location     Type
		None
 Return value:  Size  Location     Type
                  1    wreg      void 
 Registers used:
		wreg, status,2, status,0
 Tracked objects:
		On entry : 
		On exit  : 
		Unchanged: 
 Data sizes:     COMMON   BANK0   BANK1   BANK3   BANK2
      Params:         0       0       0       0       0
      Locals:         0       0       0       0       0
      Temps:          0       0       0       0       0
      Totals:         0       0       0       0       0
Total ram usage:        0 bytes
 Hardware stack levels used:    1
 This function calls:
		Nothing
 This function is called by:
		_isr
 This function uses a non-reentrant model


 *************** function _T0_int *****************
 Defined at:
		line 33 in file "timers.c"
 Parameters:    Size  Location     Type
		None
 Auto vars:     Size  Location     Type
		None
 Return value:  Size  Location     Type
                  1    wreg      void 
 Registers used:
		wreg, status,2, status,0
 Tracked objects:
		On entry : 
		On exit  : 
		Unchanged: 
 Data sizes:     COMMON   BANK0   BANK1   BANK3   BANK2
      Params:         0       0       0       0       0
      Locals:         0       0       0       0       0
      Temps:          0       0       0       0       0
      Totals:         0       0       0       0       0
Total ram usage:        0 bytes
 Hardware stack levels used:    1
 This function calls:
		Nothing
 This function is called by:
		_isr
 This function uses a non-reentrant model


 *************** function _ADC_int *****************
 Defined at:
		line 31 in file "adc.c"
 Parameters:    Size  Location     Type
		None
 Auto vars:     Size  Location     Type
		None
 Return value:  Size  Location     Type
                  1    wreg      void 
 Registers used:
		wreg
 Tracked objects:
		On entry : 
		On exit  : 
		Unchanged: 
 Data sizes:     COMMON   BANK0   BANK1   BANK3   BANK2
      Params:         0       0       0       0       0
      Locals:         0       0       0       0       0
      Temps:          2       0       0       0       0
      Totals:         2       0       0       0       0
Total ram usage:        2 bytes
 Hardware stack levels used:    1
 This function calls:
		Nothing
 This function is called by:
		_isr
 This function uses a non-reentrant model



MODULE INFORMATION

Module		Function		Class		Link	Load	Size
timers.c
		_T0_int        		CODE           	0664	0000	19
		_T1_int        		CODE           	063D	0000	21
		_T2_int        		CODE           	0676	0000	17

timers.c estimated size: 57

delay.c
		_delay         		CODE           	05FA	0000	25

delay.c estimated size: 25

C:\Program Files (x86)\Microchip\xc8\v2.00\pic\sources\c90\common\awmod.c
		___awmod       		CODE           	032D	0000	102

C:\Program Files (x86)\Microchip\xc8\v2.00\pic\sources\c90\common\awmod.c estimated size: 102

adc.c
		_kelvin        		CODE           	0545	0000	46
		_celsius       		CODE           	05DD	0000	30
		_fahrenheit    		CODE           	0392	0000	92
		_ADC_init      		CODE           	059D	0000	34
		_ADC_int       		CODE           	05BE	0000	32

adc.c estimated size: 234

C:\Program Files (x86)\Microchip\xc8\v2.00\pic\sources\c90\common\lwdiv.c
		___lwdiv       		CODE           	03ED	0000	78

C:\Program Files (x86)\Microchip\xc8\v2.00\pic\sources\c90\common\lwdiv.c estimated size: 78

C:\Program Files (x86)\Microchip\xc8\v2.00\pic\sources\c90\common\awdiv.c
		___awdiv       		CODE           	02BA	0000	116

C:\Program Files (x86)\Microchip\xc8\v2.00\pic\sources\c90\common\awdiv.c estimated size: 116

C:\Program Files (x86)\Microchip\xc8\v2.00\pic\sources\c90\common\Umul32.c
		___lmul        		CODE           	043A	0000	77

C:\Program Files (x86)\Microchip\xc8\v2.00\pic\sources\c90\common\Umul32.c estimated size: 77

interrupt.c
		_isr           		CODE           	050C	0000	58

interrupt.c estimated size: 58

shared
		__stringtab    		STRING         	0612	0000	7
		__initialization		CODE           	000F	0000	23
		__fptable      		ENTRY          	0029	0000	16

shared estimated size: 46

lcd.c
		_dispLCD_lincol		CODE           	0628	0000	22
		_dispLCD_dataReg		CODE           	0572	0000	44
		_dispLCD_instReg		CODE           	01CD	0000	122
		_dispLCDstr    		CODE           	0486	0000	70
		_dispLCD_num   		CODE           	0038	0000	240
		_dispLCD_init  		CODE           	04CB	0000	66

lcd.c estimated size: 564

C:\Program Files (x86)\Microchip\xc8\v2.00\pic\sources\c90\common\aldiv.c
		___aldiv       		CODE           	0127	0000	167

C:\Program Files (x86)\Microchip\xc8\v2.00\pic\sources\c90\common\aldiv.c estimated size: 167

main.c
		_main          		CODE           	0246	0000	117

main.c estimated size: 117

